// Jest Snapshot v1, https://goo.gl/fbAQLP

exports[`ALL command can do it following the dependency tree 1`] = `
Array [
  Array [
    "ls",
    Object {
      "cwd": "test/fixtures/packages3/oao-b",
      "storySrc": undefined,
    },
  ],
  Array [
    "ls",
    Object {
      "cwd": "test/fixtures/packages3/oao",
      "storySrc": undefined,
    },
  ],
  Array [
    "ls",
    Object {
      "cwd": "test/fixtures/packages3/oao-c",
      "storySrc": undefined,
    },
  ],
  Array [
    "ls",
    Object {
      "cwd": "test/fixtures/packages3/oao-d",
      "storySrc": undefined,
    },
  ],
  Array [
    "ls",
    Object {
      "cwd": "test/fixtures/packages3/oao-priv",
      "storySrc": undefined,
    },
  ],
]
`;

exports[`ALL command executes the specified command on all sub-packages 1`] = `
Array [
  Array [
    "ls",
    Object {
      "cwd": "test/fixtures/packages/oao",
      "storySrc": undefined,
    },
  ],
  Array [
    "ls",
    Object {
      "cwd": "test/fixtures/packages/oao-b",
      "storySrc": undefined,
    },
  ],
  Array [
    "ls",
    Object {
      "cwd": "test/fixtures/packages/oao-c",
      "storySrc": undefined,
    },
  ],
  Array [
    "ls",
    Object {
      "cwd": "test/fixtures/packages/oao-d",
      "storySrc": undefined,
    },
  ],
  Array [
    "ls",
    Object {
      "cwd": "test/fixtures/packages/oao-priv",
      "storySrc": undefined,
    },
  ],
]
`;
